[backblue.gif]
[fade.gif]
[index.html]
[ajax.googleapis.com/ajax/libs/jquery/2.0.0/jquery.min.js]
[tb2cdn.schoolwebmasters.com/accnt_1/site_13146/SmartMenus Keyboard Addon/jquery.smartmenus-and-keyboard.js]
[tb2cdn.schoolwebmasters.com/accnt_369372/site_369373/Graphics/graphic_logo.png]
[use.fontawesome.com/2f7f3b6cb0.js]
[www.valleyprepredlands.org/Field-Trips.html]
[www.valleyprepredlands.org/Contact-Us.html]
[code.jquery.com/ui/1.10.4/jquery-ui.js]
[malsup.github.io/jquery.cycle2.js]
[tb2cdn.schoolwebmasters.com/accnt_369372/site_369373/Graphics/graphic_slideshow1.jpg]
[tb2cdn.schoolwebmasters.com/accnt_369372/site_369373/Graphics/slideshow_113018_1.jpg]
[tb2cdn.schoolwebmasters.com/accnt_369372/site_369373/Graphics/slideshow_113018_2.jpg]
[tb2cdn.schoolwebmasters.com/accnt_369372/site_369373/Graphics/slideshow_113018_3.jpg]
[tb2cdn.schoolwebmasters.com/accnt_369372/site_369373/Graphics/slideshow_113018_4.jpg]
[www.valleyprepredlands.org/assets/js/jquery.magnific-popup.min.js]
[www.valleyprepredlands.org/assets/css/magnific-popup.css]
[tb2cdn.schoolwebmasters.com/accnt_369372/site_369373/Graphics/graphic_QuickLinks_MissionVision.jpg]
[tb2cdn.schoolwebmasters.com/accnt_369372/site_369373/Graphics/graphic_QuickLinks_ChooseUs.jpg]
[tb2cdn.schoolwebmasters.com/accnt_369372/site_369373/Graphics/graphic_QuickLinks_VPSParents.jpg]
[tb2cdn.schoolwebmasters.com/accnt_369372/site_369373/Graphics/graphic_QuickLinks_CurriculumOverview.jpg]
[tb2cdn.schoolwebmasters.com/accnt_369372/site_369373/Graphics/graphic_QuickLinks_GlobalUnderstanding.jpg]
[tb2cdn.schoolwebmasters.com/accnt_369372/site_369373/Graphics/graphic_QuickLinks_STEAM.jpg]
[tb2cdn.schoolwebmasters.com/accnt_369372/site_369373/Graphics/graphic_QuickLinks_FieldTrips.jpg]
[tb2cdn.schoolwebmasters.com/accnt_369372/site_369373/Graphics/graphic_QuickLinks_ApplicationProcess.jpg]
[connect.facebook.net/en_US/sdk.js]
[tb2cdn.schoolwebmasters.com/accnt_1/site_13146/Owl Carousel Plugin/OwlCarousel.js]
[tb2cdn.schoolwebmasters.com/accnt_369372/site_369373/Graphics/graphic_footer_ADACompliant.png]
[tb2cdn.schoolwebmasters.com/accnt_369372/site_369373/Graphics/graphic_footer_BackToTop.jpg]
[translate.google.com/translate_a/element.45a0d8.delayed]
[www.valleyprepredlands.org/index.html]
[tb2cdn.schoolwebmasters.com/accnt_1/site_13146/CSS/normalize.css]
[tb2cdn.schoolwebmasters.com/accnt_1/site_13146/SmartMenus Keyboard Addon/sm-core-css.css]
[tb2cdn.schoolwebmasters.com/accnt_369372/site_369373/CSS and JS/main.css]
[tb2cdn.schoolwebmasters.com/accnt_369372/site_369373/CSS and JS/modules.css]
[tb2cdn.schoolwebmasters.com/accnt_369372/site_369373/Graphics/background_testimonials.jpg]
[tb2cdn.schoolwebmasters.com/accnt_369372/site_369373/CSS and JS/home.css]
[www.valleyprepredlands.org/Home.html]
[tb2cdn.schoolwebmasters.com/accnt_369372/site_369373/Graphics/Header_AboutUs_2000px.png]
[tb2cdn.schoolwebmasters.com/accnt_369372/site_369373/Graphics/graphic_aboutus.png]
[www.valleyprepredlands.org/About-Us.html]
[tb2cdn.schoolwebmasters.com/accnt_369372/site_369373/Graphics/graphic_ourschool.png]
[www.valleyprepredlands.org/Our-School.html]
[tb2cdn.schoolwebmasters.com/accnt_369372/site_369373/Graphics/graphic_ourmissionvision.png]
[www.valleyprepredlands.org/Our-Mission-and-Vision.html]
[tb2cdn.schoolwebmasters.com/accnt_369372/site_369373/Graphics/graphic_facultystaff.png]
[www.valleyprepredlands.org/Faculty-and-Staff.html]
[tb2cdn.schoolwebmasters.com/accnt_369372/site_369373/Graphics/graphic_body_boardtrustees.png]
[www.valleyprepredlands.org/Board-of-Trustees.html]
[tb2cdn.schoolwebmasters.com/accnt_369372/site_369373/Graphics/graphic_chooseus.png]
[www.valleyprepredlands.org/Choose-Us.html]
[tb2cdn.schoolwebmasters.com/accnt_369372/site_369373/Graphics/graphic_pto.png]
[www.valleyprepredlands.org/PTO.html]
[tb2cdn.schoolwebmasters.com/accnt_369372/site_369373/Graphics/Header_studentlearning_2000px.png]
[tb2cdn.schoolwebmasters.com/accnt_369372/site_369373/Graphics/graphic_calendar.png]
[www.valleyprepredlands.org/Calendar.html]
[www.valleyprepredlands.org/News.html]
[tb2cdn.schoolwebmasters.com/accnt_369372/site_369373/Graphics/graphic_studentlearning.png]
[www.valleyprepredlands.org/Student-Learning.html]
[tb2cdn.schoolwebmasters.com/accnt_369372/site_369373/Graphics/graphic_curriculumbubbles_050118.jpg]
[tb2cdn.schoolwebmasters.com/accnt_369372/site_369373/Graphics/curriculum-whoweare-150x150.png]
[tb2cdn.schoolwebmasters.com/accnt_369372/site_369373/Graphics/curriculum-howtheworldworks-150x150.png]
[tb2cdn.schoolwebmasters.com/accnt_369372/site_369373/Graphics/curriculum-sharingtheplanet-150x150.png]
[tb2cdn.schoolwebmasters.com/accnt_369372/site_369373/Graphics/curriculum-howweexpressourselves-150x150.png]
[tb2cdn.schoolwebmasters.com/accnt_369372/site_369373/Graphics/graphic_howweorganize_050118.jpg]
[tb2cdn.schoolwebmasters.com/accnt_369372/site_369373/Graphics/graphic_placeandtime_050118.jpg]
[tb2cdn.schoolwebmasters.com/accnt_369372/site_369373/Graphics/graphic_curriculum.png]
[www.valleyprepredlands.org/Curriculum.html]
[tb2cdn.schoolwebmasters.com/accnt_369372/site_369373/Graphics/graphic_body_experientiallearning.png]
[tb2cdn.schoolwebmasters.com/accnt_1/site_13146/Animated Collapse/animatedcollapse.js]
[tb2cdn.schoolwebmasters.com/accnt_369372/site_369373/Graphics/graphic_experientiallearning.png]
[www.valleyprepredlands.org/Experiential-Learning.html]
[tb2cdn.schoolwebmasters.com/accnt_369372/site_369373/Graphics/graphic_extracurricular.png]
[www.valleyprepredlands.org/Extracurricular-Programs.html]
[tb2cdn.schoolwebmasters.com/accnt_369372/site_369373/Graphics/graphic_body_fieldtrips.png]
[tb2cdn.schoolwebmasters.com/accnt_369372/site_369373/Graphics/graphic_fieldtrips.png]
[www.valleyprepredlands.org/Field-Trips.html]
[tb2cdn.schoolwebmasters.com/accnt_369372/site_369373/Graphics/graphic_globalunderstanding.png]
[www.valleyprepredlands.org/Global-Understanding.html]
[tb2cdn.schoolwebmasters.com/accnt_369372/site_369373/Graphics/graphic_body_SteamLogo.jpg]
[tb2cdn.schoolwebmasters.com/accnt_369372/site_369373/Graphics/sidebargraphic_steam_01.png]
[tb2cdn.schoolwebmasters.com/accnt_369372/site_369373/Graphics/sidebargraphic_steam_02.png]
[tb2cdn.schoolwebmasters.com/accnt_369372/site_369373/Graphics/sidebargraphic_steam_03.png]
[www.valleyprepredlands.org/STEAM.html]
[tb2cdn.schoolwebmasters.com/accnt_369372/site_369373/Graphics/graphic_urpartnership.png]
[www.valleyprepredlands.org/UR-Partnership.html]
[tb2cdn.schoolwebmasters.com/accnt_369372/site_369373/Graphics/Header_admissions_2000px.png]
[tb2cdn.schoolwebmasters.com/accnt_369372/site_369373/Graphics/graphic_vpsadmissions.png]
[www.valleyprepredlands.org/Admissions.html]
[tb2cdn.schoolwebmasters.com/accnt_369372/site_369373/Graphics/graphic_welcome.png]
[www.valleyprepredlands.org/Welcome.html]
[tb2cdn.schoolwebmasters.com/accnt_1/site_13146/Slick Slideshow/slick.min.js]
[tb2cdn.schoolwebmasters.com/accnt_369372/site_369373/Graphics/graphic_HowToApply_slideshow1.jpg]
[tb2cdn.schoolwebmasters.com/accnt_369372/site_369373/Graphics/graphic_HowToApply_slideshow3.jpg]
[tb2cdn.schoolwebmasters.com/accnt_369372/site_369373/Graphics/graphic_HowToApply_slideshow4.jpg]
[tb2cdn.schoolwebmasters.com/accnt_369372/site_369373/Graphics/graphic_HowToApply_slideshow5.jpg]
[tb2cdn.schoolwebmasters.com/accnt_369372/site_369373/Graphics/graphic_HowToApply_slideshow6.jpg]
[tb2cdn.schoolwebmasters.com/accnt_369372/site_369373/Graphics/graphic_HowToApply_slideshow7.jpg]
[tb2cdn.schoolwebmasters.com/accnt_369372/site_369373/Graphics/graphic_HowToApply_slideshow8.jpg]
[tb2cdn.schoolwebmasters.com/accnt_369372/site_369373/Graphics/graphic_HowToApply_slideshow9.jpg]
[tb2cdn.schoolwebmasters.com/accnt_369372/site_369373/Graphics/graphic_HowToApply_slideshow10.jpg]
[tb2cdn.schoolwebmasters.com/accnt_369372/site_369373/Graphics/graphic_HowToApply_slideshow11.jpg]
[tb2cdn.schoolwebmasters.com/accnt_369372/site_369373/Graphics/graphic_HowToApply_slideshow12.jpg]
[tb2cdn.schoolwebmasters.com/accnt_369372/site_369373/Graphics/graphic_HowToApply_slideshow2.jpg]
[www.valleyprepredlands.org/How-to-Apply.html]
[tb2cdn.schoolwebmasters.com/accnt_369372/site_369373/Graphics/graphic_tuition.png]
[www.valleyprepredlands.org/Tuition.html]
[tb2cdn.schoolwebmasters.com/accnt_369372/site_369373/Graphics/Header_supportvps_2000px.png]
[tb2cdn.schoolwebmasters.com/accnt_369372/site_369373/Graphics/graphic_supportvps.png]
[www.valleyprepredlands.org/Support-VPS.html]
[www.google.com/recaptcha/api.js]
[www.valleyprepredlands.org/Alumni.html]
[tb2cdn.schoolwebmasters.com/accnt_369372/site_369373/Graphics/graphic_fundraiser.png]
[www.valleyprepredlands.org/Fundraisers.html]
[tb2cdn.schoolwebmasters.com/accnt_369372/site_369373/Graphics/Header_helpfullinks_2000px.png]
[tb2cdn.schoolwebmasters.com/accnt_369372/site_369373/Graphics/graphic_helpfullinks.png]
[www.valleyprepredlands.org/Helpful-Links.html]
[tb2cdn.schoolwebmasters.com/accnt_369372/site_369373/Graphics/graphic_vpsparents.png]
[www.valleyprepredlands.org/VPS-Parents.html]
[tb2cdn.schoolwebmasters.com/accnt_369372/site_369373/Graphics/graphic_employment.png]
[www.valleyprepredlands.org/Employment.html]
[tb2cdn.schoolwebmasters.com/accnt_369372/site_369373/Graphics/graphic_applicationfaq.png]
[www.valleyprepredlands.org/Application-FAQs.html]
[tb2cdn.schoolwebmasters.com/accnt_369372/site_369373/Graphics/graphic_ibpypfaq.png]
[www.valleyprepredlands.org/IB-PYP-and-STEAM-FAQs.html]
[tb2cdn.schoolwebmasters.com/accnt_369372/site_369373/Graphics/graphic_vpsforms.png]
[www.valleyprepredlands.org/Forms.html]
[tb2cdn.schoolwebmasters.com/accnt_369372/site_369373/Graphics/graphic_ourcommunity.png]
[www.valleyprepredlands.org/Our-Community.html]
[tb2cdn.schoolwebmasters.com/accnt_369372/site_369373/Graphics/graphic_weblinks_ValleyPrep.png]
[tb2cdn.schoolwebmasters.com/accnt_369372/site_369373/Graphics/graphic_weblinks.png]
[www.valleyprepredlands.org/Web-Links.html]
[tb2cdn.schoolwebmasters.com/accnt_369372/site_369373/Graphics/graphic_webaccess.png]
[www.valleyprepredlands.org/Website-Accessibility.html]
[tb2cdn.schoolwebmasters.com/accnt_369372/site_369373/Graphics/Header_contactus_2000px.png]
[tb2cdn.schoolwebmasters.com/accnt_369372/site_369373/Graphics/graphic_contactus.png]
[www.valleyprepredlands.org/Contact-Us.html]
[tb2cdn.schoolwebmasters.com/accnt_369372/site_369373/Graphics/graphic_search.png]
[www.valleyprepredlands.org/Search.html]
[www.valleyprepredlands.org/assets/css/magnific-popup.css]
[connect.facebook.net/en_US/sdk.js]
[tb2cdn.schoolwebmasters.com/accnt_1/site_13146/Owl Carousel Plugin/OwlCarousel.css]
[tb2cdn.schoolwebmasters.com/accnt_1/site_13146/Owl Carousel Plugin/OwlTheme.css]
[www.valleyprepredlands.org/news-2.html]
[translate.google.com/translate_a/elementa0d8.html]
[www.valleyprepredlands.org/Schedule-a-Campus-Tour.html]
[tb2cdn.schoolwebmasters.com/accnt_369372/site_369373/Graphics/graphic_scheduleclassroom.png]
[www.valleyprepredlands.org/Schedule-a-Classroom-Visit.html]
[tb2cdn.schoolwebmasters.com/accnt_1/site_13146/Slick Slideshow/slick.css]
[tb2cdn.schoolwebmasters.com/accnt_1/site_13146/Slick Slideshow/ajax-loader.gif]
[tb2cdn.schoolwebmasters.com/accnt_1/site_13146/Slick Slideshow/slick-theme.css]
[cse.google.com/cse07b6.html]
[www.valleyprepredlands.org/ABCDEFGHIJKLMNOPQRSTUVWXYZabcdefghijklmnopqrstuvwxyz0123456789+/index.html]
[www.valleyprepredlands.org/^([^_/indexd41d.html]
[www.valleyprepredlands.org/restserver.html]
[tb2cdn.schoolwebmasters.com/accnt_1/site_13146/Owl Carousel Plugin/grabbing.png]
[tb2cdn.schoolwebmasters.com/accnt_1/site_13146/Owl Carousel Plugin/AjaxLoader.gif]
[tb2cdn.schoolwebmasters.com/accnt_1/site_13146/Slick Slideshow/fonts/slick.eot]
[tb2cdn.schoolwebmasters.com/accnt_1/site_13146/Slick Slideshow/fonts/slickd41d.eot]
[tb2cdn.schoolwebmasters.com/accnt_1/site_13146/Slick Slideshow/fonts/slick.woff]
[tb2cdn.schoolwebmasters.com/accnt_1/site_13146/Slick Slideshow/fonts/slick.ttf]
[tb2cdn.schoolwebmasters.com/accnt_1/site_13146/Slick Slideshow/fonts/slick.svg]
